[debug] [2026-10-06T16:20:01.156Z] ----------------------------------------------------------------------
[debug] [2026-10-06T16:20:01.175Z] Command:       C:\Users\Edv\AppData\Local\node-v24.15.0-win-x64\node.exe C:\Users\Edv\AppData\Local\node-v24.15.0-win-x64\node_modules\firebase-tools\lib\bin\firebase.js deploy --only hosting
[debug] [2026-10-06T16:20:01.176Z] CLI Version:   15.32.1
[debug] [2026-10-06T16:20:01.176Z] Platform:      win32
[debug] [2026-10-06T16:20:01.176Z] Node Version:  v24.15.0
[debug] [2026-10-06T16:20:01.177Z] Detected Agent: unknown
[debug] [2026-10-06T16:20:01.177Z] Time:          Tue Oct 06 2026 19:20:01 GMT+0300 (East Africa Time)
[debug] [2026-10-06T16:20:01.177Z] ----------------------------------------------------------------------
[debug] 
[debug] [2026-10-06T16:21:00.112Z] > command requires scopes: ["email","openid","https://www.googleapis.com/auth/cloudplatformprojects.readonly","https://www.googleapis.com/auth/firebase","https://www.googleapis.com/auth/cloud-platform"]
[debug] [2026-10-06T16:21:00.113Z] > authorizing via signed-in user (enockpaulo006@gmail.com)
[debug] [2026-10-06T16:21:00.113Z] [iam] checking project matendo-daycare for permissions ["firebase.projects.get","firebasehosting.sites.update"]
[debug] [2026-10-06T16:21:00.207Z] Checked if tokens are valid: false, expires at: 1791304226809
[debug] [2026-10-06T16:21:00.208Z] Checked if tokens are valid: false, expires at: 1791304226809
[debug] [2026-10-06T16:21:00.208Z] > refreshing access token with scopes: []
[debug] [2026-10-06T16:21:00.218Z] >>> [apiv2][query] POST https://www.googleapis.com/oauth2/v3/token [none]
[debug] [2026-10-06T16:21:00.219Z] >>> [apiv2][body] POST https://www.googleapis.com/oauth2/v3/token [omitted]
[debug] [2026-10-06T16:21:01.136Z] <<< [apiv2][status] POST https://www.googleapis.com/oauth2/v3/token 200
[debug] [2026-10-06T16:21:01.136Z] <<< [apiv2][body] POST https://www.googleapis.com/oauth2/v3/token [omitted]
[debug] [2026-10-06T16:21:01.194Z] >>> [apiv2][query] POST https://cloudresourcemanager.googleapis.com/v1/projects/matendo-daycare:testIamPermissions [none]
[debug] [2026-10-06T16:21:01.194Z] >>> [apiv2][(partial)header] POST https://cloudresourcemanager.googleapis.com/v1/projects/matendo-daycare:testIamPermissions  x-goog-user-project=matendo-daycare
[debug] [2026-10-06T16:21:01.195Z] >>> [apiv2][body] POST https://cloudresourcemanager.googleapis.com/v1/projects/matendo-daycare:testIamPermissions {"permissions":["firebase.projects.get","firebasehosting.sites.update"]}
[debug] [2026-10-06T16:21:02.809Z] <<< [apiv2][status] POST https://cloudresourcemanager.googleapis.com/v1/projects/matendo-daycare:testIamPermissions 200
[debug] [2026-10-06T16:21:02.810Z] <<< [apiv2][body] POST https://cloudresourcemanager.googleapis.com/v1/projects/matendo-daycare:testIamPermissions {"permissions":["firebase.projects.get","firebasehosting.sites.update"]}
[debug] [2026-10-06T16:21:02.811Z] Checked if tokens are valid: true, expires at: 1791307260136
[debug] [2026-10-06T16:21:02.811Z] Checked if tokens are valid: true, expires at: 1791307260136
[debug] [2026-10-06T16:21:02.812Z] >>> [apiv2][query] GET https://firebase.googleapis.com/v1beta1/projects/matendo-daycare [none]
[debug] [2026-10-06T16:21:03.737Z] <<< [apiv2][status] GET https://firebase.googleapis.com/v1beta1/projects/matendo-daycare 200
[debug] [2026-10-06T16:21:03.738Z] <<< [apiv2][body] GET https://firebase.googleapis.com/v1beta1/projects/matendo-daycare {"projectId":"matendo-daycare","projectNumber":"90675878872","displayName":"matendo-daycare","name":"projects/matendo-daycare","resources":{"hostingSite":"matendo-daycare"},"state":"ACTIVE","labels":{"firebase":"enabled"},"etag":"1_1a4b6638-b60e-4e47-b183-d12b5989fe75"}
[info] 
[info] === Deploying to 'matendo-daycare'...
[info] 
[info] i  deploying hosting 
[debug] [2026-10-06T16:21:03.758Z] Checked if tokens are valid: true, expires at: 1791307260136
[debug] [2026-10-06T16:21:03.758Z] Checked if tokens are valid: true, expires at: 1791307260136
[debug] [2026-10-06T16:21:03.758Z] >>> [apiv2][query] GET https://firebasehosting.googleapis.com/v1beta1/projects/matendo-daycare/sites/matendo-daycare [none]
[debug] [2026-10-06T16:21:06.004Z] <<< [apiv2][status] GET https://firebasehosting.googleapis.com/v1beta1/projects/matendo-daycare/sites/matendo-daycare 200
[debug] [2026-10-06T16:21:06.005Z] <<< [apiv2][body] GET https://firebasehosting.googleapis.com/v1beta1/projects/matendo-daycare/sites/matendo-daycare {"name":"projects/matendo-daycare/sites/matendo-daycare","defaultUrl":"https://matendo-daycare.web.app","appId":"1:90675878872:web:c97daa59a21eb3f8ec30ad","type":"DEFAULT_SITE"}
[debug] [2026-10-06T16:21:06.007Z] Checked if tokens are valid: true, expires at: 1791307260136
[debug] [2026-10-06T16:21:06.007Z] Checked if tokens are valid: true, expires at: 1791307260136
[debug] [2026-10-06T16:21:06.007Z] >>> [apiv2][query] POST https://firebasehosting.googleapis.com/v1beta1/projects/-/sites/matendo-daycare/versions [none]
[debug] [2026-10-06T16:21:06.008Z] >>> [apiv2][body] POST https://firebasehosting.googleapis.com/v1beta1/projects/-/sites/matendo-daycare/versions {"status":"CREATED","labels":{"deployment-tool":"cli-firebase"}}
[debug] [2026-10-06T16:21:08.242Z] <<< [apiv2][status] POST https://firebasehosting.googleapis.com/v1beta1/projects/-/sites/matendo-daycare/versions 200
[debug] [2026-10-06T16:21:08.242Z] <<< [apiv2][body] POST https://firebasehosting.googleapis.com/v1beta1/projects/-/sites/matendo-daycare/versions {"name":"projects/90675878872/sites/matendo-daycare/versions/8dfbd8e4055ae275","status":"CREATED","config":{},"labels":{"deployment-tool":"cli-firebase"}}
[info] i  hosting[matendo-daycare]: beginning deploy... 
[info] i  hosting[matendo-daycare]: found 17 files in public 
[debug] [2026-10-06T16:21:08.298Z] [hosting] uploading with 200 concurrency
[debug] [2026-10-06T16:21:08.333Z] Checked if tokens are valid: true, expires at: 1791307260136
[debug] [2026-10-06T16:21:08.333Z] Checked if tokens are valid: true, expires at: 1791307260136
[debug] [2026-10-06T16:21:08.341Z] [hosting] hash cache [cHVibGlj] stored for 17 files
[debug] [2026-10-06T16:21:08.344Z] [hosting][hash queue][FINAL] {"max":19,"min":0,"avg":1.1176470588235294,"active":0,"complete":17,"success":17,"errored":0,"retried":0,"total":17,"elapsed":32}
[debug] [2026-10-06T16:21:08.345Z] >>> [apiv2][query] POST https://firebasehosting.googleapis.com/v1beta1/projects/90675878872/sites/matendo-daycare/versions/8dfbd8e4055ae275:populateFiles [none]
[debug] [2026-10-06T16:21:08.345Z] >>> [apiv2][body] POST https://firebasehosting.googleapis.com/v1beta1/projects/90675878872/sites/matendo-daycare/versions/8dfbd8e4055ae275:populateFiles {"files":{"/404.html":"762bf484ba67404bd1a3b181546ea28d60dfddf18e9dd4795d8d25bcf3c1a890","/pages/programs.html":"26c49470dd4d883ee8e470a83c6bb91eeeb5faee6bb6cf117e9abb3e968d5bb2","/pages/ourteam.html":"61e55af0e4c5e093e65989c97f438cea7b0830415c6f16bc415fb223355ff693","/pages/gallery.html":"b6fd39541002ebeab54cd4b4498d7b8a40872e6a6fc22bbd09af96215251df9a","/pages/contact.html":"1a3f33567c1b05c35ab9132fee5a729df8dbf3465af4d62ac11cd0d0de1ae554","/pages/announcements.html":"75ee05d9736763e5c593d4aab61cf1687cfd562c68b46d1ec3ea816b8335d500","/pages/admission.html":"4e5c14beebffc0da87a490362b542b2cbd9e5f70e1fdf6956eade1d3f4185333","/pages/about.html":"7290b6c71d32beb0805ad852e4fb7a2b5331751705f5ef7202af6716efd15a03","/js/main.js":"e34fcc71c3b4904eb15b959bea91d2d2ee519f7ebcc3d93d9b4725c4aaf6fc54","/js/firebase.js":"f96a2719395c66b058bf2ccd84ff3820447f7c4c11a650e6b6cbb640a93efc9b","/js/announcements.js":"15ed4e03e5ec6e538ecc259f0b7189b199fe35341f178c1226b9ce3c3a459502","/css/style.css":"7773c154eceff224ae3b17256835f3e07bcac3e8b3f291d3b1ac8dc4270b8593","/assets/images/matendo-logo.png":"66f1a28b96230d25f0a2571333137aa0a31b301e992b706f6734fac68ff9828a","/assets/images/children-3.jpg":"ae8c7ce6bff4efd310743b7d2ab9526f6195ca237c6518b247405e49c4e40d8b","/assets/images/children-2.jpg":"0ed6de2689ca39e63f9c64932ed3342aef15b370786928813782a811e6719ad1","/assets/images/children-1.jpg":"179da9c3c232ba26ac0ad40a984661d5b1f24c3d2afee5dc0b1fc03912c1f4ac","/index.html":"ebe5a1adc002aa549ee8e4592db9484c8bfd752dd5556c4e33b59705e8cf170f"}}
[debug] [2026-10-06T16:21:09.476Z] <<< [apiv2][status] POST https://firebasehosting.googleapis.com/v1beta1/projects/90675878872/sites/matendo-daycare/versions/8dfbd8e4055ae275:populateFiles 200
[debug] [2026-10-06T16:21:09.476Z] <<< [apiv2][body] POST https://firebasehosting.googleapis.com/v1beta1/projects/90675878872/sites/matendo-daycare/versions/8dfbd8e4055ae275:populateFiles {"uploadRequiredHashes":["ebe5a1adc002aa549ee8e4592db9484c8bfd752dd5556c4e33b59705e8cf170f"],"uploadUrl":"https://upload-firebasehosting.googleapis.com/upload/sites/matendo-daycare/versions/8dfbd8e4055ae275/files"}
[debug] [2026-10-06T16:21:09.477Z] Checked if tokens are valid: true, expires at: 1791307260136
[debug] [2026-10-06T16:21:09.478Z] Checked if tokens are valid: true, expires at: 1791307260136
[debug] [2026-10-06T16:21:09.478Z] >>> [apiv2][query] POST https://upload-firebasehosting.googleapis.com/upload/sites/matendo-daycare/versions/8dfbd8e4055ae275/files/ebe5a1adc002aa549ee8e4592db9484c8bfd752dd5556c4e33b59705e8cf170f [none]
[debug] [2026-10-06T16:21:09.478Z] >>> [apiv2][body] POST https://upload-firebasehosting.googleapis.com/upload/sites/matendo-daycare/versions/8dfbd8e4055ae275/files/ebe5a1adc002aa549ee8e4592db9484c8bfd752dd5556c4e33b59705e8cf170f [stream]
[debug] [2026-10-06T16:21:09.481Z] [hosting][populate queue][FINAL] {"max":1146,"min":1146,"avg":1146,"active":0,"complete":1,"success":1,"errored":0,"retried":0,"total":1,"elapsed":1149}
[debug] [2026-10-06T16:21:09.482Z] [hosting] uploads queued: 1
